[
    {
        "id": "1",
        "result": 3,
        "jsonrpc": "2.0"
    },
    {
        "id": "2",
        "result": 7,
        "jsonrpc": "2.0"
    }
]
