{
    "id": null,
    "error": {
        "code": -32600,
        "message": "Invalid Request",
        "data": null
    },
    "jsonrpc": "2.0"
}
