{
    "id": "1",
    "result": null,
    "jsonrpc": "2.0"
}
