{
    "id": "1",
    "result": "Laravel",
    "jsonrpc": "2.0"
}
