{
    "id": null,
    "result": null,
    "jsonrpc": "2.0"
}
