{
    "id": "1",
    "result": 3,
    "jsonrpc": "2.0"
}
