[
    {
        "id": null,
        "result": null,
        "jsonrpc": "2.0"
    },
    {
        "id": "1",
        "result": null,
        "jsonrpc": "2.0"
    }
]
