[
    {
        "id": "1",
        "result": 3,
        "jsonrpc": "2.0"
    },
    {
        "id": "2",
        "error": {
            "code": -32602,
            "message": "Invalid params",
            "data": {
                "a": [
                    "The a field is required."
                ],
                "b": [
                    "The b field is required."
                ]
            }
        },
        "jsonrpc": "2.0"
    }
]
