{
    "jsonrpc": "2.0",
    "method": "fixture@validationMethod",
    "params": {
        "a": 1,
        "b": 2
    },
    "id": 1
}
