[
    {
        "jsonrpc": "2.0",
        "method": "fixture@validationMethod",
        "params": [
            1,
            2,
            4
        ],
        "id": "1"
    },
    {
        "jsonrpc": "2.0",
        "method"
    ]
