{
    "jsonrpc": "2.0",
    "method": "dependencyInjection",
    "params": [
        "app.name"
    ],
    "id": 1
}
