[
    {
        "jsonrpc": "2.0",
        "method": "fixture@validationMethod",
        "params": {
            "a": 1,
            "b": 2
        }
    },
    {
        "jsonrpc": "2.0",
        "method": "fixture@validationMethod",
        "params": {
            "a": 1,
            "b": 3
        },
        "id": 1
    }
]
