{
    "jsonrpc": "2.0",
    "method": "fixture@validationMethod",
    "params": {
        "a": "foo",
        "b": "bar"
    },
    "id": 1
}
