{
    "jsonrpc": "2.0",
    "method": "alwaysResult",
    "params": [],
    "id": 1
}
